=======================================
KIß╗éM THß╗¼ Hß╗å THß╗ÉNG BACKEND STAFFDEV
=======================================

===== KIß╗éM THß╗¼ CHß╗¿C N─éNG X├üC THß╗░C =====

>> Kiß╗âm tra ─æ─âng nhß║¡p vß╗¢i t├ái khoß║ún hß╗úp lß╗ç
[DEBUG] Received new access token
Γ£à ─É─âng nhß║¡p - SUCCESS (201)
─É─âng nhß║¡p th├ánh c├┤ng vß╗¢i userId: 1, role: Admin
[DEBUG] Decoding JWT token...
[DEBUG] JWT Payload: {
  "sub": 1,
  "cccd": "CCCD0000000001",
  "role": "Admin",
  "jti": "7237f14b-aad9-4ce1-99a0-aabcd6b57802",
  "iat": 1747491766,
  "exp": 1748096566
}

>> Kiß╗âm tra ─æ─âng nhß║¡p vß╗¢i t├ái khoß║ún kh├┤ng hß╗úp lß╗ç
[DEBUG] Using token: eyJhbGciOiJIUzI...
Γ£à ─É─âng nhß║¡p kh├┤ng hß╗úp lß╗ç - SUCCESS (401)

>> Kiß╗âm tra lß║Ñy th├┤ng tin thiß║┐t bß╗ï ─æ─âng nhß║¡p
[DEBUG] Using token: eyJhbGciOiJIUzI...
Γ£à Lß║Ñy danh s├ích thiß║┐t bß╗ï - SUCCESS (201)

>> Kiß╗âm tra ─æ─âng k├╜ t├ái khoß║ún mß╗¢i
[DEBUG] Using token: eyJhbGciOiJIUzI...
Γ¥î ─É─âng k├╜ t├ái khoß║ún - FAILED (409)
Response: {
  "statusCode": 409,
  "timestamp": "2025-05-17T14:22:46.534Z",
  "path": "/api/auth/register",
  "message": "─É├ú xß║úy ra lß╗ùi tr├╣ng lß║╖p dß╗» liß╗çu"
}

>> Kiß╗âm tra qu├¬n mß║¡t khß║⌐u
[DEBUG] Using token: eyJhbGciOiJIUzI...
Γ£à Qu├¬n mß║¡t khß║⌐u - SUCCESS (201)

>> Kiß╗âm tra ─æß║╖t lß║íi mß║¡t khß║⌐u
[DEBUG] Using token: eyJhbGciOiJIUzI...
Γ£à ─Éß║╖t lß║íi mß║¡t khß║⌐u - SUCCESS (201)

>> Kiß╗âm tra ─æß╗òi mß║¡t khß║⌐u
[DEBUG] Using token: eyJhbGciOiJIUzI...
Γ£à ─Éß╗òi mß║¡t khß║⌐u - SUCCESS (200)

===== KIß╗éM THß╗¼ CHß╗¿C N─éNG QUß║óN L├¥ Hß╗Æ S╞á =====

>> Lß║Ñy tß║Ñt cß║ú hß╗ô s╞í
[DEBUG] Using token: eyJhbGciOiJIUzI...
Γ£à Lß║Ñy tß║Ñt cß║ú hß╗ô s╞í - SUCCESS (200)
Sß╗æ l╞░ß╗úng hß╗ô s╞í: 1005

>> Lß║Ñy hß╗ô s╞í cß╗ºa bß║ún th├ón
[DEBUG] Using token: eyJhbGciOiJIUzI...
Γ£à Lß║Ñy hß╗ô s╞í cß╗ºa bß║ún th├ón - SUCCESS (200)
Profile ID cß╗ºa ng╞░ß╗¥i d├╣ng hiß╗çn tß║íi: 1

>> Cß║¡p nhß║¡t hß╗ô s╞í cß╗ºa bß║ún th├ón
[DEBUG] Using token: eyJhbGciOiJIUzI...
Γ¥î Cß║¡p nhß║¡t hß╗ô s╞í - FAILED (500)
Response: {
  "statusCode": 500,
  "timestamp": "2025-05-17T14:22:46.799Z",
  "path": "/api/profiles/me",
  "message": "invalid input syntax for type bigint: \"NaN\""
}

>> Lß║Ñy hß╗ô s╞í theo ID
[DEBUG] Using token: eyJhbGciOiJIUzI...
Γ£à Lß║Ñy hß╗ô s╞í theo ID - SUCCESS (200)

>> Lß║Ñy hß╗ô s╞í theo user ID
[DEBUG] Using token: eyJhbGciOiJIUzI...
Γ£à Lß║Ñy hß╗ô s╞í theo user ID - SUCCESS (200)

===== KIß╗éM THß╗¼ CHß╗¿C N─éNG QUß║óN L├¥ PH├ÆNG BAN =====

>> Lß║Ñy tß║Ñt cß║ú ph├▓ng ban
[DEBUG] Using token: eyJhbGciOiJIUzI...
Γ£à Lß║Ñy tß║Ñt cß║ú ph├▓ng ban - SUCCESS (200)
Sß╗æ l╞░ß╗úng ph├▓ng ban: 3

>> Lß║Ñy ph├▓ng ban theo ID
[DEBUG] Using token: eyJhbGciOiJIUzI...
Γ£à Lß║Ñy ph├▓ng ban theo ID - SUCCESS (200)

===== KIß╗éM THß╗¼ CHß╗¿C N─éNG QUß║óN L├¥ NHIß╗åM Vß╗ñ =====

>> Lß║Ñy tß║Ñt cß║ú nhiß╗çm vß╗Ñ
[DEBUG] Using token: eyJhbGciOiJIUzI...
Γ£à Lß║Ñy tß║Ñt cß║ú nhiß╗çm vß╗Ñ - SUCCESS (200)
Sß╗æ l╞░ß╗úng nhiß╗çm vß╗Ñ: 5003

>> Tß║ío nhiß╗çm vß╗Ñ mß╗¢i
[DEBUG] Using token: eyJhbGciOiJIUzI...
Γ¥î Tß║ío nhiß╗çm vß╗Ñ mß╗¢i - FAILED (400)
Response: {
  "statusCode": 400,
  "timestamp": "2025-05-17T14:22:47.155Z",
  "path": "/api/tasks",
  "message": "property assigned_to should not exist, assignedTo must be a number conforming to the specified constraints, assignedTo should not be empty, assignedBy must be a number conforming to the specified constraints, assignedBy should not be empty"
}

>> Lß║Ñy nhiß╗çm vß╗Ñ ─æ╞░ß╗úc giao cho ng╞░ß╗¥i d├╣ng hiß╗çn tß║íi
[DEBUG] Using token: eyJhbGciOiJIUzI...
Γ£à Lß║Ñy nhiß╗çm vß╗Ñ cß╗ºa t├┤i - SUCCESS (200)

===== KIß╗éM THß╗¼ CHß╗¿C N─éNG ─É├ÇO Tß║áO =====

>> Lß║Ñy tß║Ñt cß║ú lß╗Ö tr├¼nh ─æ├áo tß║ío
[DEBUG] Using token: eyJhbGciOiJIUzI...
Γ¥î Lß║Ñy lß╗Ö tr├¼nh ─æ├áo tß║ío - FAILED (500)
Response: {
  "statusCode": 500,
  "timestamp": "2025-05-17T14:22:47.171Z",
  "path": "/api/training/paths",
  "message": "relation \"training_paths\" does not exist"
}

>> Lß║Ñy tß║Ñt cß║ú kh├│a hß╗ìc
[DEBUG] Using token: eyJhbGciOiJIUzI...
Γ¥î Lß║Ñy kh├│a hß╗ìc - FAILED (500)
Response: {
  "statusCode": 500,
  "timestamp": "2025-05-17T14:22:47.178Z",
  "path": "/api/training/courses",
  "message": "relation \"training_courses\" does not exist"
}

>> Lß║Ñy kh├│a hß╗ìc cß╗ºa ng╞░ß╗¥i d├╣ng hiß╗çn tß║íi
[DEBUG] Using token: eyJhbGciOiJIUzI...
Γ¥î Lß║Ñy kh├│a hß╗ìc cß╗ºa t├┤i - FAILED (404)
Response: {
  "statusCode": 404,
  "timestamp": "2025-05-17T14:22:47.181Z",
  "path": "/api/training/me/courses",
  "message": "Cannot GET /api/training/me/courses"
}

===== KIß╗éM THß╗¼ CHß╗¿C N─éNG DIß╗äN ─É├ÇN =====

>> Lß║Ñy tß║Ñt cß║ú b├ái viß║┐t
[DEBUG] Using token: eyJhbGciOiJIUzI...
Γ£à Lß║Ñy b├ái viß║┐t diß╗àn ─æ├án - SUCCESS (200)
Sß╗æ l╞░ß╗úng b├ái viß║┐t: 102

>> Tß║ío b├ái viß║┐t mß╗¢i
[DEBUG] Using token: eyJhbGciOiJIUzI...
Γ¥î Tß║ío b├ái viß║┐t mß╗¢i - FAILED (400)
Response: {
  "statusCode": 400,
  "timestamp": "2025-05-17T14:22:47.215Z",
  "path": "/api/forum/posts",
  "message": "userId must be a number conforming to the specified constraints, userId should not be empty"
}

===== KIß╗éM THß╗¼ CHß╗¿C N─éNG CHß║ñM C├öNG =====

>> Lß║Ñy lß╗ïch sß╗¡ chß║Ñm c├┤ng
[DEBUG] Using token: eyJhbGciOiJIUzI...
Γ¥î Lß║Ñy lß╗ïch sß╗¡ chß║Ñm c├┤ng - FAILED (500)
Response: {
  "statusCode": 500,
  "timestamp": "2025-05-17T14:22:47.222Z",
  "path": "/api/attendance",
  "message": "invalid input syntax for type bigint: \"NaN\""
}

>> Check-in
[DEBUG] Using token: eyJhbGciOiJIUzI...
Γ£à Check-in - SUCCESS (400)

>> Check-out
[DEBUG] Using token: eyJhbGciOiJIUzI...
Γ£à Check-out - SUCCESS (400)

>> ─É─âng k├╜ nghß╗ë ph├⌐p
[DEBUG] Using token: eyJhbGciOiJIUzI...
Γ£à ─É─âng k├╜ nghß╗ë ph├⌐p - SUCCESS (400)

===== KIß╗éM THß╗¼ CHß╗¿C N─éNG QUß║óN L├¥ T├ÇI LIß╗åU =====

>> Lß║Ñy tß║Ñt cß║ú t├ái liß╗çu
[DEBUG] Using token: eyJhbGciOiJIUzI...
Γ£à Lß║Ñy danh s├ích t├ái liß╗çu - SUCCESS (200)
Sß╗æ l╞░ß╗úng t├ái liß╗çu: 52

>> Tß║ío t├ái liß╗çu mß╗¢i
[DEBUG] Using token: eyJhbGciOiJIUzI...
Γ£à Tß║ío t├ái liß╗çu mß╗¢i - SUCCESS (400)

>> Lß║Ñy t├ái liß╗çu theo danh mß╗Ñc
[DEBUG] Using token: eyJhbGciOiJIUzI...
Γ¥î Lß║Ñy t├ái liß╗çu theo danh mß╗Ñc - FAILED (404)
Response: {
  "statusCode": 404,
  "timestamp": "2025-05-17T14:22:47.258Z",
  "path": "/api/documents/category/H%C6%B0%E1%BB%9Bng%20d%E1%BA%ABn",
  "message": "Cannot GET /api/documents/category/H%C6%B0%E1%BB%9Bng%20d%E1%BA%ABn"
}

===== KIß╗éM THß╗¼ CHß╗¿C N─éNG TH├öNG B├üO =====

>> Lß║Ñy tß║Ñt cß║ú th├┤ng b├ío
[DEBUG] Using token: eyJhbGciOiJIUzI...
Γ£à Lß║Ñy danh s├ích th├┤ng b├ío - SUCCESS (200)
Sß╗æ l╞░ß╗úng th├┤ng b├ío: 5003

>> ─É├ính dß║Ñu ─æ├ú ─æß╗ìc th├┤ng b├ío
[DEBUG] Using token: eyJhbGciOiJIUzI...
Γ£à ─É├ính dß║Ñu ─æ├ú ─æß╗ìc th├┤ng b├ío - SUCCESS (200)

>> ─É├ính dß║Ñu ─æ├ú ─æß╗ìc tß║Ñt cß║ú th├┤ng b├ío
[DEBUG] Using token: eyJhbGciOiJIUzI...
Γ¥î ─É├ính dß║Ñu ─æ├ú ─æß╗ìc tß║Ñt cß║ú th├┤ng b├ío - FAILED (404)
Response: {
  "statusCode": 404,
  "timestamp": "2025-05-17T14:22:47.383Z",
  "path": "/api/notifications/read-all",
  "message": "Cannot PATCH /api/notifications/read-all"
}

===== KIß╗éM THß╗¼ CHß╗¿C N─éNG QUß║óN L├¥ NG╞»ß╗£I D├ÖNG =====

>> Lß║Ñy tß║Ñt cß║ú ng╞░ß╗¥i d├╣ng
[DEBUG] Using token: eyJhbGciOiJIUzI...
Γ£à Lß║Ñy danh s├ích ng╞░ß╗¥i d├╣ng - SUCCESS (200)
Sß╗æ l╞░ß╗úng ng╞░ß╗¥i d├╣ng: 1005

>> Lß║Ñy th├┤ng tin ng╞░ß╗¥i d├╣ng theo ID
[DEBUG] Using token: eyJhbGciOiJIUzI...
Γ£à Lß║Ñy ng╞░ß╗¥i d├╣ng theo ID - SUCCESS (200)

>> Lß║Ñy th├┤ng tin ng╞░ß╗¥i d├╣ng ─æang ─æ─âng nhß║¡p
[DEBUG] Using token: eyJhbGciOiJIUzI...
Γ£à Lß║Ñy th├┤ng tin ng╞░ß╗¥i d├╣ng hiß╗çn tß║íi - SUCCESS (200)

===== KIß╗éM THß╗¼ CHß╗¿C N─éNG ─É─éNG XUß║ñT =====

>> ─É─âng xuß║Ñt
[DEBUG] Using token: eyJhbGciOiJIUzI...
Γ£à ─É─âng xuß║Ñt - SUCCESS (201)

=======================================
B├üO C├üO Kß║╛T QUß║ó KIß╗éM THß╗¼
=======================================
Tß╗òng sß╗æ test: 36
Th├ánh c├┤ng: 26
Thß║Ñt bß║íi: 10
Thß╗¥i gian thß╗▒c hiß╗çn: 1.12 gi├óy

=======================================
CHI TIß║╛T C├üC Lß╗ûI
=======================================

1. Lß╗ùi trong test: ─É─âng k├╜ t├ái khoß║ún
   Status: 409
   Response: {
  "statusCode": 409,
  "timestamp": "2025-05-17T14:22:46.534Z",
  "path": "/api/auth/register",
  "message": "─É├ú xß║úy ra lß╗ùi tr├╣ng lß║╖p dß╗» liß╗çu"
}

2. Lß╗ùi trong test: Cß║¡p nhß║¡t hß╗ô s╞í
   Status: 500
   Response: {
  "statusCode": 500,
  "timestamp": "2025-05-17T14:22:46.799Z",
  "path": "/api/profiles/me",
  "message": "invalid input syntax for type bigint: \"NaN\""
}

3. Lß╗ùi trong test: Tß║ío nhiß╗çm vß╗Ñ mß╗¢i
   Status: 400
   Response: {
  "statusCode": 400,
  "timestamp": "2025-05-17T14:22:47.155Z",
  "path": "/api/tasks",
  "message": "property assigned_to should not exist, assignedTo must be a number conforming to the specified constraints, assignedTo should not be empty, assignedBy must be a number conforming to the specified constraints, assignedBy should not be empty"
}

4. Lß╗ùi trong test: Lß║Ñy lß╗Ö tr├¼nh ─æ├áo tß║ío
   Status: 500
   Response: {
  "statusCode": 500,
  "timestamp": "2025-05-17T14:22:47.171Z",
  "path": "/api/training/paths",
  "message": "relation \"training_paths\" does not exist"
}

5. Lß╗ùi trong test: Lß║Ñy kh├│a hß╗ìc
   Status: 500
   Response: {
  "statusCode": 500,
  "timestamp": "2025-05-17T14:22:47.178Z",
  "path": "/api/training/courses",
  "message": "relation \"training_courses\" does not exist"
}

6. Lß╗ùi trong test: Lß║Ñy kh├│a hß╗ìc cß╗ºa t├┤i
   Status: 404
   Response: {
  "statusCode": 404,
  "timestamp": "2025-05-17T14:22:47.181Z",
  "path": "/api/training/me/courses",
  "message": "Cannot GET /api/training/me/courses"
}

7. Lß╗ùi trong test: Tß║ío b├ái viß║┐t mß╗¢i
   Status: 400
   Response: {
  "statusCode": 400,
  "timestamp": "2025-05-17T14:22:47.215Z",
  "path": "/api/forum/posts",
  "message": "userId must be a number conforming to the specified constraints, userId should not be empty"
}

8. Lß╗ùi trong test: Lß║Ñy lß╗ïch sß╗¡ chß║Ñm c├┤ng
   Status: 500
   Response: {
  "statusCode": 500,
  "timestamp": "2025-05-17T14:22:47.222Z",
  "path": "/api/attendance",
  "message": "invalid input syntax for type bigint: \"NaN\""
}

9. Lß╗ùi trong test: Lß║Ñy t├ái liß╗çu theo danh mß╗Ñc
   Status: 404
   Response: {
  "statusCode": 404,
  "timestamp": "2025-05-17T14:22:47.258Z",
  "path": "/api/documents/category/H%C6%B0%E1%BB%9Bng%20d%E1%BA%ABn",
  "message": "Cannot GET /api/documents/category/H%C6%B0%E1%BB%9Bng%20d%E1%BA%ABn"
}

10. Lß╗ùi trong test: ─É├ính dß║Ñu ─æ├ú ─æß╗ìc tß║Ñt cß║ú th├┤ng b├ío
   Status: 404
   Response: {
  "statusCode": 404,
  "timestamp": "2025-05-17T14:22:47.383Z",
  "path": "/api/notifications/read-all",
  "message": "Cannot PATCH /api/notifications/read-all"
}
